// Jest Snapshot v1, https://goo.gl/fbAQLP

exports[`<SearchScreen /> renders correctly 1`] = `
<View
  style={
    Object {
      "alignItems": "center",
      "backgroundColor": "white",
      "flex": 1,
      "justifyContent": "center",
      "paddingVertical": 10,
    }
  }
>
  <View
    style={
      Object {
        "alignItems": "center",
        "width": 712.5,
      }
    }
  >
    <View
      accessible={true}
      focusable={true}
      isTVSelectable={true}
      onClick={[Function]}
      onResponderGrant={[Function]}
      onResponderMove={[Function]}
      onResponderRelease={[Function]}
      onResponderTerminate={[Function]}
      onResponderTerminationRequest={[Function]}
      onStartShouldSetResponder={[Function]}
      style={
        Object {
          "alignItems": "center",
          "backgroundColor": "#F2F2F2",
          "borderRadius": 10,
          "flexDirection": "row",
          "height": 66.7,
          "marginBottom": 10,
          "marginTop": 5,
          "opacity": 1,
          "width": 675,
        }
      }
    >
      <Text />
      <Text
        style={
          Object {
            "marginLeft": 10,
          }
        }
      >
        입력해주세요
      </Text>
    </View>
  </View>
  <RCTScrollView
    refreshControl={
      <RefreshControlMock
        colors={
          Array [
            "#ff0000",
            "#00ff00",
            "#0000ff",
          ]
        }
        onRefresh={[Function]}
        progressBackgroundColor="white"
        refreshing={false}
        tintColor="#ff0000"
        title="Loading..."
        titleColor="#00ff00"
      />
    }
    style={
      Object {
        "width": 750,
      }
    }
  >
    <RCTRefreshControl />
    <View>
      <View>
        <Text
          style={
            Object {
              "fontSize": 24,
              "fontWeight": "bold",
              "marginHorizontal": 25,
              "marginTop": 15,
            }
          }
        >
          주간 인기 플랜
        </Text>
        <Text
          style={
            Object {
              "fontSize": 16,
              "marginHorizontal": 25,
              "marginTop": 10,
            }
          }
        >
          이 주의 가장 인기있는 플랜들을 확인해 보세요!!
        </Text>
      </View>
      <View
        style={
          Object {
            "alignItems": "center",
            "flexDirection": "row",
            "height": 40,
            "justifyContent": "center",
            "marginTop": 20,
            "width": 750,
          }
        }
      >
        <View
          accessible={true}
          focusable={true}
          isTVSelectable={true}
          onClick={[Function]}
          onResponderGrant={[Function]}
          onResponderMove={[Function]}
          onResponderRelease={[Function]}
          onResponderTerminate={[Function]}
          onResponderTerminationRequest={[Function]}
          onStartShouldSetResponder={[Function]}
          style={
            Object {
              "alignItems": "center",
              "backgroundColor": "#FD8A69",
              "borderRadius": 5,
              "height": 40,
              "justifyContent": "center",
              "margin": 1,
              "opacity": 1,
              "width": 127.50000000000001,
            }
          }
        >
          <Text
            style={
              Object {
                "color": "white",
              }
            }
          >
            10대
          </Text>
        </View>
        <View
          accessible={true}
          focusable={true}
          isTVSelectable={true}
          onClick={[Function]}
          onResponderGrant={[Function]}
          onResponderMove={[Function]}
          onResponderRelease={[Function]}
          onResponderTerminate={[Function]}
          onResponderTerminationRequest={[Function]}
          onStartShouldSetResponder={[Function]}
          style={
            Object {
              "alignItems": "center",
              "borderRadius": 5,
              "height": 40,
              "justifyContent": "center",
              "margin": 1,
              "opacity": 1,
              "width": 127.50000000000001,
            }
          }
        >
          <Text
            style={
              Object {
                "color": "black",
              }
            }
          >
            20대
          </Text>
        </View>
        <View
          accessible={true}
          focusable={true}
          isTVSelectable={true}
          onClick={[Function]}
          onResponderGrant={[Function]}
          onResponderMove={[Function]}
          onResponderRelease={[Function]}
          onResponderTerminate={[Function]}
          onResponderTerminationRequest={[Function]}
          onStartShouldSetResponder={[Function]}
          style={
            Object {
              "alignItems": "center",
              "borderRadius": 5,
              "height": 40,
              "justifyContent": "center",
              "margin": 1,
              "opacity": 1,
              "width": 127.50000000000001,
            }
          }
        >
          <Text
            style={
              Object {
                "color": "black",
              }
            }
          >
            30대
          </Text>
        </View>
        <View
          accessible={true}
          focusable={true}
          isTVSelectable={true}
          onClick={[Function]}
          onResponderGrant={[Function]}
          onResponderMove={[Function]}
          onResponderRelease={[Function]}
          onResponderTerminate={[Function]}
          onResponderTerminationRequest={[Function]}
          onStartShouldSetResponder={[Function]}
          style={
            Object {
              "alignItems": "center",
              "borderRadius": 5,
              "height": 40,
              "justifyContent": "center",
              "margin": 1,
              "opacity": 1,
              "width": 127.50000000000001,
            }
          }
        >
          <Text
            style={
              Object {
                "color": "black",
              }
            }
          >
            40~50대
          </Text>
        </View>
        <View
          accessible={true}
          focusable={true}
          isTVSelectable={true}
          onClick={[Function]}
          onResponderGrant={[Function]}
          onResponderMove={[Function]}
          onResponderRelease={[Function]}
          onResponderTerminate={[Function]}
          onResponderTerminationRequest={[Function]}
          onStartShouldSetResponder={[Function]}
          style={
            Object {
              "alignItems": "center",
              "borderRadius": 5,
              "height": 40,
              "justifyContent": "center",
              "margin": 1,
              "opacity": 1,
              "width": 127.50000000000001,
            }
          }
        >
          <Text
            style={
              Object {
                "color": "black",
              }
            }
          >
            60대 이상
          </Text>
        </View>
      </View>
      <View
        style={
          Object {
            "alignItems": "center",
            "flexDirection": "row",
            "flexWrap": "wrap",
            "justifyContent": "center",
            "marginTop": 10,
            "width": 750,
          }
        }
      />
      <View
        style={
          Object {
            "alignItems": "center",
            "wdith": 750,
          }
        }
      >
        <View
          accessible={true}
          focusable={true}
          isTVSelectable={true}
          onClick={[Function]}
          onResponderGrant={[Function]}
          onResponderMove={[Function]}
          onResponderRelease={[Function]}
          onResponderTerminate={[Function]}
          onResponderTerminationRequest={[Function]}
          onStartShouldSetResponder={[Function]}
          style={
            Object {
              "alignItems": "center",
              "backgroundColor": "#F2F2F2",
              "borderRadius": 10,
              "height": 53.36,
              "justifyContent": "center",
              "marginTop": 15,
              "opacity": 1,
              "width": 562.5,
            }
          }
        >
          <Text>
            인기플랜 더보기
          </Text>
        </View>
      </View>
      <View>
        <Text
          style={
            Object {
              "fontSize": 24,
              "fontWeight": "bold",
              "marginHorizontal": 25,
              "marginTop": 65,
            }
          }
        >
          전체 카테고리
        </Text>
        <Text
          style={
            Object {
              "fontSize": 16,
              "marginHorizontal": 25,
              "marginTop": 10,
            }
          }
        >
          관심 있는 분야를 선택해 보세요!!
        </Text>
      </View>
      <View
        style={
          Object {
            "alignItems": "center",
            "flexDirection": "row",
            "height": 40,
            "justifyContent": "center",
            "marginTop": 20,
            "width": 750,
          }
        }
      >
        <View
          accessible={true}
          focusable={true}
          isTVSelectable={true}
          onClick={[Function]}
          onResponderGrant={[Function]}
          onResponderMove={[Function]}
          onResponderRelease={[Function]}
          onResponderTerminate={[Function]}
          onResponderTerminationRequest={[Function]}
          onStartShouldSetResponder={[Function]}
          style={
            Object {
              "alignItems": "center",
              "backgroundColor": "#FD8A69",
              "borderRadius": 5,
              "height": 40,
              "justifyContent": "center",
              "margin": 1,
              "opacity": 1,
              "width": 127.50000000000001,
            }
          }
        >
          <Text
            style={
              Object {
                "color": "white",
              }
            }
          >
            운동/건강
          </Text>
        </View>
        <View
          accessible={true}
          focusable={true}
          isTVSelectable={true}
          onClick={[Function]}
          onResponderGrant={[Function]}
          onResponderMove={[Function]}
          onResponderRelease={[Function]}
          onResponderTerminate={[Function]}
          onResponderTerminationRequest={[Function]}
          onStartShouldSetResponder={[Function]}
          style={
            Object {
              "alignItems": "center",
              "borderRadius": 5,
              "height": 40,
              "justifyContent": "center",
              "margin": 1,
              "opacity": 1,
              "width": 127.50000000000001,
            }
          }
        >
          <Text
            style={
              Object {
                "color": "black",
              }
            }
          >
            생활습관
          </Text>
        </View>
        <View
          accessible={true}
          focusable={true}
          isTVSelectable={true}
          onClick={[Function]}
          onResponderGrant={[Function]}
          onResponderMove={[Function]}
          onResponderRelease={[Function]}
          onResponderTerminate={[Function]}
          onResponderTerminationRequest={[Function]}
          onStartShouldSetResponder={[Function]}
          style={
            Object {
              "alignItems": "center",
              "borderRadius": 5,
              "height": 40,
              "justifyContent": "center",
              "margin": 1,
              "opacity": 1,
              "width": 127.50000000000001,
            }
          }
        >
          <Text
            style={
              Object {
                "color": "black",
              }
            }
          >
            자기계발
          </Text>
        </View>
        <View
          accessible={true}
          focusable={true}
          isTVSelectable={true}
          onClick={[Function]}
          onResponderGrant={[Function]}
          onResponderMove={[Function]}
          onResponderRelease={[Function]}
          onResponderTerminate={[Function]}
          onResponderTerminationRequest={[Function]}
          onStartShouldSetResponder={[Function]}
          style={
            Object {
              "alignItems": "center",
              "borderRadius": 5,
              "height": 40,
              "justifyContent": "center",
              "margin": 1,
              "opacity": 1,
              "width": 127.50000000000001,
            }
          }
        >
          <Text
            style={
              Object {
                "color": "black",
              }
            }
          >
            감정관리
          </Text>
        </View>
        <View
          accessible={true}
          focusable={true}
          isTVSelectable={true}
          onClick={[Function]}
          onResponderGrant={[Function]}
          onResponderMove={[Function]}
          onResponderRelease={[Function]}
          onResponderTerminate={[Function]}
          onResponderTerminationRequest={[Function]}
          onStartShouldSetResponder={[Function]}
          style={
            Object {
              "alignItems": "center",
              "borderRadius": 5,
              "height": 40,
              "justifyContent": "center",
              "margin": 1,
              "opacity": 1,
              "width": 127.50000000000001,
            }
          }
        >
          <Text
            style={
              Object {
                "color": "black",
              }
            }
          >
            기타
          </Text>
        </View>
      </View>
      <View
        style={
          Object {
            "alignItems": "center",
            "flexDirection": "row",
            "flexWrap": "wrap",
            "justifyContent": "center",
            "marginTop": 10,
            "width": 750,
          }
        }
      />
      <View
        style={
          Object {
            "alignItems": "center",
            "wdith": 750,
          }
        }
      >
        <View
          accessible={true}
          focusable={true}
          isTVSelectable={true}
          onClick={[Function]}
          onResponderGrant={[Function]}
          onResponderMove={[Function]}
          onResponderRelease={[Function]}
          onResponderTerminate={[Function]}
          onResponderTerminationRequest={[Function]}
          onStartShouldSetResponder={[Function]}
          style={
            Object {
              "alignItems": "center",
              "backgroundColor": "#F2F2F2",
              "borderRadius": 10,
              "height": 53.36,
              "justifyContent": "center",
              "marginTop": 15,
              "opacity": 1,
              "width": 562.5,
            }
          }
        >
          <Text>
            카테고리 전체 보기
          </Text>
        </View>
      </View>
      <View
        style={
          Object {
            "paddingVertical": 20,
          }
        }
      />
    </View>
  </RCTScrollView>
</View>
`;
